--- reading features vectors...
--- reading labels...
drwnMultiClassLogistic
	50	0	0
	0	49	1
	0	1	49

drwnMultiClassLogistic
	50	0	0
	0	49	1
	0	1	49

drwnDecisionTree
	50	0	0
	0	47	3
	0	1	49

drwnDecisionTree
	50	0	0
	0	47	3
	0	1	49

drwnBoostedClassifier
	50	0	0
	0	50	0
	0	0	50

drwnBoostedClassifier
	50	0	0
	0	50	0
	0	0	50

drwnRandomForest
	50	0	0
	0	48	2
	0	5	45

drwnRandomForest
	50	0	0
	0	48	2
	0	5	45

drwnCompositeClassifier
	50	0	0
	0	50	0
	0	0	50

drwnCompositeClassifier
	50	0	0
	0	50	0
	0	0	50

