10
8 6 7 3
7 6 6 3
6 6 5 3
6 5 6 3
3 3 3 3

10
8 6 7 3
7 0 0 0
0 6 0 0
0 0 6 0
0 0 0 3

0
0 0 0 0
0 0 0 0
0 0 0 0
0 0 0 0
0 0 0 0

10
8 6 7 3
7 0 0 0
0 6 0 0
0 0 6 0
0 0 0 3

