-W- input/factorGraph.xml is missing Darwin version number
